::1 - - [11/Feb/2025:20:28:43 +0100] "GET /phpmyadmin/js/dist/table/change.js?v=5.2.2 HTTP/1.1" 304 - "http://localhost/phpmyadmin/index.php?route=/sql&pos=0&db=dbchatex&table=users" "Mozilla/5.0 (Windows NT 10.0; Win64; x64) AppleWebKit/537.36 (KHTML, like Gecko) Chrome/133.0.0.0 Safari/537.36"
::1 - - [11/Feb/2025:20:28:43 +0100] "GET /phpmyadmin/js/dist/multi_column_sort.js?v=5.2.2 HTTP/1.1" 304 - "http://localhost/phpmyadmin/index.php?route=/sql&pos=0&db=dbchatex&table=users" "Mozilla/5.0 (Windows NT 10.0; Win64; x64) AppleWebKit/537.36 (KHTML, like Gecko) Chrome/133.0.0.0 Safari/537.36"
::1 - - [11/Feb/2025:20:28:43 +0100] "GET /phpmyadmin/js/dist/makegrid.js?v=5.2.2 HTTP/1.1" 304 - "http://localhost/phpmyadmin/index.php?route=/sql&pos=0&db=dbchatex&table=users" "Mozilla/5.0 (Windows NT 10.0; Win64; x64) AppleWebKit/537.36 (KHTML, like Gecko) Chrome/133.0.0.0 Safari/537.36"
::1 - - [11/Feb/2025:20:28:43 +0100] "GET /phpmyadmin/js/vendor/codemirror/lib/codemirror.js?v=5.2.2 HTTP/1.1" 304 - "http://localhost/phpmyadmin/index.php?route=/sql&pos=0&db=dbchatex&table=users" "Mozilla/5.0 (Windows NT 10.0; Win64; x64) AppleWebKit/537.36 (KHTML, like Gecko) Chrome/133.0.0.0 Safari/537.36"
::1 - - [11/Feb/2025:20:28:43 +0100] "GET /phpmyadmin/js/vendor/codemirror/mode/sql/sql.js?v=5.2.2 HTTP/1.1" 304 - "http://localhost/phpmyadmin/index.php?route=/sql&pos=0&db=dbchatex&table=users" "Mozilla/5.0 (Windows NT 10.0; Win64; x64) AppleWebKit/537.36 (KHTML, like Gecko) Chrome/133.0.0.0 Safari/537.36"
::1 - - [11/Feb/2025:20:28:43 +0100] "GET /phpmyadmin/js/vendor/codemirror/addon/runmode/runmode.js?v=5.2.2 HTTP/1.1" 304 - "http://localhost/phpmyadmin/index.php?route=/sql&pos=0&db=dbchatex&table=users" "Mozilla/5.0 (Windows NT 10.0; Win64; x64) AppleWebKit/537.36 (KHTML, like Gecko) Chrome/133.0.0.0 Safari/537.36"
::1 - - [11/Feb/2025:20:28:43 +0100] "GET /phpmyadmin/js/vendor/codemirror/addon/hint/sql-hint.js?v=5.2.2 HTTP/1.1" 304 - "http://localhost/phpmyadmin/index.php?route=/sql&pos=0&db=dbchatex&table=users" "Mozilla/5.0 (Windows NT 10.0; Win64; x64) AppleWebKit/537.36 (KHTML, like Gecko) Chrome/133.0.0.0 Safari/537.36"
::1 - - [11/Feb/2025:20:28:43 +0100] "GET /phpmyadmin/js/vendor/codemirror/addon/hint/show-hint.js?v=5.2.2 HTTP/1.1" 304 - "http://localhost/phpmyadmin/index.php?route=/sql&pos=0&db=dbchatex&table=users" "Mozilla/5.0 (Windows NT 10.0; Win64; x64) AppleWebKit/537.36 (KHTML, like Gecko) Chrome/133.0.0.0 Safari/537.36"
::1 - - [11/Feb/2025:20:28:43 +0100] "GET /phpmyadmin/js/dist/codemirror/addon/lint/sql-lint.js?v=5.2.2 HTTP/1.1" 304 - "http://localhost/phpmyadmin/index.php?route=/sql&pos=0&db=dbchatex&table=users" "Mozilla/5.0 (Windows NT 10.0; Win64; x64) AppleWebKit/537.36 (KHTML, like Gecko) Chrome/133.0.0.0 Safari/537.36"
::1 - - [11/Feb/2025:20:28:43 +0100] "GET /phpmyadmin/js/vendor/codemirror/addon/lint/lint.js?v=5.2.2 HTTP/1.1" 304 - "http://localhost/phpmyadmin/index.php?route=/sql&pos=0&db=dbchatex&table=users" "Mozilla/5.0 (Windows NT 10.0; Win64; x64) AppleWebKit/537.36 (KHTML, like Gecko) Chrome/133.0.0.0 Safari/537.36"
::1 - - [11/Feb/2025:20:28:43 +0100] "GET /phpmyadmin/js/vendor/tracekit.js?v=5.2.2 HTTP/1.1" 304 - "http://localhost/phpmyadmin/index.php?route=/sql&pos=0&db=dbchatex&table=users" "Mozilla/5.0 (Windows NT 10.0; Win64; x64) AppleWebKit/537.36 (KHTML, like Gecko) Chrome/133.0.0.0 Safari/537.36"
::1 - - [11/Feb/2025:20:28:43 +0100] "GET /phpmyadmin/js/dist/error_report.js?v=5.2.2 HTTP/1.1" 304 - "http://localhost/phpmyadmin/index.php?route=/sql&pos=0&db=dbchatex&table=users" "Mozilla/5.0 (Windows NT 10.0; Win64; x64) AppleWebKit/537.36 (KHTML, like Gecko) Chrome/133.0.0.0 Safari/537.36"
::1 - - [11/Feb/2025:20:28:43 +0100] "GET /phpmyadmin/js/dist/drag_drop_import.js?v=5.2.2 HTTP/1.1" 304 - "http://localhost/phpmyadmin/index.php?route=/sql&pos=0&db=dbchatex&table=users" "Mozilla/5.0 (Windows NT 10.0; Win64; x64) AppleWebKit/537.36 (KHTML, like Gecko) Chrome/133.0.0.0 Safari/537.36"
::1 - - [11/Feb/2025:20:28:43 +0100] "GET /phpmyadmin/js/dist/shortcuts_handler.js?v=5.2.2 HTTP/1.1" 304 - "http://localhost/phpmyadmin/index.php?route=/sql&pos=0&db=dbchatex&table=users" "Mozilla/5.0 (Windows NT 10.0; Win64; x64) AppleWebKit/537.36 (KHTML, like Gecko) Chrome/133.0.0.0 Safari/537.36"
::1 - - [11/Feb/2025:20:28:43 +0100] "GET /phpmyadmin/js/dist/console.js?v=5.2.2 HTTP/1.1" 304 - "http://localhost/phpmyadmin/index.php?route=/sql&pos=0&db=dbchatex&table=users" "Mozilla/5.0 (Windows NT 10.0; Win64; x64) AppleWebKit/537.36 (KHTML, like Gecko) Chrome/133.0.0.0 Safari/537.36"
::1 - - [11/Feb/2025:20:28:43 +0100] "GET /phpmyadmin/js/dist/sql.js?v=5.2.2 HTTP/1.1" 304 - "http://localhost/phpmyadmin/index.php?route=/sql&pos=0&db=dbchatex&table=users" "Mozilla/5.0 (Windows NT 10.0; Win64; x64) AppleWebKit/537.36 (KHTML, like Gecko) Chrome/133.0.0.0 Safari/537.36"
::1 - - [11/Feb/2025:20:28:43 +0100] "GET /phpmyadmin/js/dist/page_settings.js?v=5.2.2 HTTP/1.1" 304 - "http://localhost/phpmyadmin/index.php?route=/sql&pos=0&db=dbchatex&table=users" "Mozilla/5.0 (Windows NT 10.0; Win64; x64) AppleWebKit/537.36 (KHTML, like Gecko) Chrome/133.0.0.0 Safari/537.36"
::1 - - [11/Feb/2025:20:28:43 +0100] "GET /phpmyadmin/js/messages.php?l=hu&v=5.2.2&lang=hu HTTP/1.1" 200 9894 "http://localhost/phpmyadmin/index.php?route=/sql&pos=0&db=dbchatex&table=users" "Mozilla/5.0 (Windows NT 10.0; Win64; x64) AppleWebKit/537.36 (KHTML, like Gecko) Chrome/133.0.0.0 Safari/537.36"
::1 - - [11/Feb/2025:20:28:43 +0100] "GET /phpmyadmin/themes/pmahomme/img/col_pointer.png HTTP/1.1" 304 - "http://localhost/phpmyadmin/themes/pmahomme/css/theme.css?v=5.2.2" "Mozilla/5.0 (Windows NT 10.0; Win64; x64) AppleWebKit/537.36 (KHTML, like Gecko) Chrome/133.0.0.0 Safari/537.36"
::1 - - [11/Feb/2025:20:28:43 +0100] "GET /phpmyadmin/themes/pmahomme/img/col_drop.png HTTP/1.1" 304 - "http://localhost/phpmyadmin/themes/pmahomme/css/theme.css?v=5.2.2" "Mozilla/5.0 (Windows NT 10.0; Win64; x64) AppleWebKit/537.36 (KHTML, like Gecko) Chrome/133.0.0.0 Safari/537.36"
::1 - - [11/Feb/2025:20:28:43 +0100] "POST /phpmyadmin/index.php?route=/config/get HTTP/1.1" 200 1453 "http://localhost/phpmyadmin/index.php?route=/sql&pos=0&db=dbchatex&table=users" "Mozilla/5.0 (Windows NT 10.0; Win64; x64) AppleWebKit/537.36 (KHTML, like Gecko) Chrome/133.0.0.0 Safari/537.36"
::1 - - [11/Feb/2025:20:28:43 +0100] "POST /phpmyadmin/index.php?route=/navigation&ajax_request=1 HTTP/1.1" 200 2353 "http://localhost/phpmyadmin/index.php?route=/sql&pos=0&db=dbchatex&table=users" "Mozilla/5.0 (Windows NT 10.0; Win64; x64) AppleWebKit/537.36 (KHTML, like Gecko) Chrome/133.0.0.0 Safari/537.36"
::1 - - [11/Feb/2025:20:28:43 +0100] "POST /phpmyadmin/index.php?route=/config/get HTTP/1.1" 200 1545 "http://localhost/phpmyadmin/index.php?route=/sql&pos=0&db=dbchatex&table=users" "Mozilla/5.0 (Windows NT 10.0; Win64; x64) AppleWebKit/537.36 (KHTML, like Gecko) Chrome/133.0.0.0 Safari/537.36"
::1 - - [11/Feb/2025:20:28:43 +0100] "GET /phpmyadmin/index.php?route=/recent-table&ajax_request=1&recent_table=1&lang=hu&no_debug=true&_nocache=1739302123433229628&token=403d517363633d314e365b5678774060 HTTP/1.1" 200 1521 "http://localhost/phpmyadmin/index.php?route=/sql&pos=0&db=dbchatex&table=users" "Mozilla/5.0 (Windows NT 10.0; Win64; x64) AppleWebKit/537.36 (KHTML, like Gecko) Chrome/133.0.0.0 Safari/537.36"
::1 - - [11/Feb/2025:20:28:43 +0100] "POST /phpmyadmin/index.php?route=/navigation&ajax_request=1 HTTP/1.1" 200 1986 "http://localhost/phpmyadmin/index.php?route=/sql&pos=0&db=dbchatex&table=users" "Mozilla/5.0 (Windows NT 10.0; Win64; x64) AppleWebKit/537.36 (KHTML, like Gecko) Chrome/133.0.0.0 Safari/537.36"
::1 - - [11/Feb/2025:20:28:43 +0100] "POST /phpmyadmin/index.php?route=/config/set HTTP/1.1" 200 1445 "http://localhost/phpmyadmin/index.php?route=/sql&pos=0&db=dbchatex&table=users" "Mozilla/5.0 (Windows NT 10.0; Win64; x64) AppleWebKit/537.36 (KHTML, like Gecko) Chrome/133.0.0.0 Safari/537.36"
::1 - - [11/Feb/2025:20:28:50 +0100] "POST /phpmyadmin/index.php?route=/sql/set-column-preferences HTTP/1.1" 200 1640 "http://localhost/phpmyadmin/index.php?route=/sql&pos=0&db=dbchatex&table=users" "Mozilla/5.0 (Windows NT 10.0; Win64; x64) AppleWebKit/537.36 (KHTML, like Gecko) Chrome/133.0.0.0 Safari/537.36"
::1 - - [11/Feb/2025:20:28:51 +0100] "POST /phpmyadmin/index.php?route=/sql/set-column-preferences HTTP/1.1" 200 1640 "http://localhost/phpmyadmin/index.php?route=/sql&pos=0&db=dbchatex&table=users" "Mozilla/5.0 (Windows NT 10.0; Win64; x64) AppleWebKit/537.36 (KHTML, like Gecko) Chrome/133.0.0.0 Safari/537.36"
::1 - - [11/Feb/2025:20:28:53 +0100] "POST /phpmyadmin/index.php HTTP/1.1" 200 9904 "http://localhost/phpmyadmin/index.php?route=/sql&pos=0&db=dbchatex&table=users" "Mozilla/5.0 (Windows NT 10.0; Win64; x64) AppleWebKit/537.36 (KHTML, like Gecko) Chrome/133.0.0.0 Safari/537.36"
::1 - - [11/Feb/2025:20:28:53 +0100] "GET /phpmyadmin/themes/pmahomme/img/s_partialtext.png HTTP/1.1" 200 178 "http://localhost/phpmyadmin/index.php?route=/sql&pos=0&db=dbchatex&table=users" "Mozilla/5.0 (Windows NT 10.0; Win64; x64) AppleWebKit/537.36 (KHTML, like Gecko) Chrome/133.0.0.0 Safari/537.36"
::1 - - [11/Feb/2025:20:28:53 +0100] "GET /phpmyadmin/index.php?route=/recent-table&ajax_request=1&recent_table=1&no_debug=true&_nocache=1739302133734642916&token=403d517363633d314e365b5678774060 HTTP/1.1" 200 1520 "http://localhost/phpmyadmin/index.php?route=/sql&pos=0&db=dbchatex&table=users" "Mozilla/5.0 (Windows NT 10.0; Win64; x64) AppleWebKit/537.36 (KHTML, like Gecko) Chrome/133.0.0.0 Safari/537.36"
::1 - - [11/Feb/2025:20:29:05 +0100] "POST /phpmyadmin/index.php?route=/table/delete/confirm HTTP/1.1" 200 2113 "http://localhost/phpmyadmin/index.php?route=/sql&pos=0&db=dbchatex&table=users" "Mozilla/5.0 (Windows NT 10.0; Win64; x64) AppleWebKit/537.36 (KHTML, like Gecko) Chrome/133.0.0.0 Safari/537.36"
::1 - - [11/Feb/2025:20:29:05 +0100] "GET /phpmyadmin/index.php?route=/recent-table&ajax_request=1&recent_table=1&no_debug=true&_nocache=1739302145270171573&token=403d517363633d314e365b5678774060 HTTP/1.1" 200 1520 "http://localhost/phpmyadmin/index.php?route=/sql&pos=0&db=dbchatex&table=users" "Mozilla/5.0 (Windows NT 10.0; Win64; x64) AppleWebKit/537.36 (KHTML, like Gecko) Chrome/133.0.0.0 Safari/537.36"
::1 - - [11/Feb/2025:20:29:06 +0100] "POST /phpmyadmin/index.php?route=/table/delete/rows HTTP/1.1" 200 3269 "http://localhost/phpmyadmin/index.php?route=/sql&pos=0&db=dbchatex&table=users" "Mozilla/5.0 (Windows NT 10.0; Win64; x64) AppleWebKit/537.36 (KHTML, like Gecko) Chrome/133.0.0.0 Safari/537.36"
::1 - - [11/Feb/2025:20:29:06 +0100] "GET /phpmyadmin/index.php?route=/recent-table&ajax_request=1&recent_table=1&no_debug=true&_nocache=1739302146881914294&token=403d517363633d314e365b5678774060 HTTP/1.1" 200 1520 "http://localhost/phpmyadmin/index.php?route=/sql&pos=0&db=dbchatex&table=users" "Mozilla/5.0 (Windows NT 10.0; Win64; x64) AppleWebKit/537.36 (KHTML, like Gecko) Chrome/133.0.0.0 Safari/537.36"
::1 - - [11/Feb/2025:20:32:53 +0100] "GET /phpmyadmin/index.php?route=/sql&pos=0&db=dbchatex&table=users&ajax_request=true&ajax_page_request=true&_nocache=1739302373990815274&token=403d517363633d314e365b5678774060 HTTP/1.1" 200 6224 "http://localhost/phpmyadmin/index.php?route=/sql&pos=0&db=dbchatex&table=users" "Mozilla/5.0 (Windows NT 10.0; Win64; x64) AppleWebKit/537.36 (KHTML, like Gecko) Chrome/133.0.0.0 Safari/537.36"
::1 - - [11/Feb/2025:20:32:54 +0100] "GET /phpmyadmin/index.php?route=/recent-table&ajax_request=1&recent_table=1&no_debug=true&_nocache=1739302374256289843&token=403d517363633d314e365b5678774060 HTTP/1.1" 200 1520 "http://localhost/phpmyadmin/index.php?route=/sql&pos=0&db=dbchatex&table=users" "Mozilla/5.0 (Windows NT 10.0; Win64; x64) AppleWebKit/537.36 (KHTML, like Gecko) Chrome/133.0.0.0 Safari/537.36"
::1 - - [11/Feb/2025:20:56:49 +0100] "POST /phpmyadmin/index.php?route=/ HTTP/1.1" 200 1584 "http://localhost/phpmyadmin/index.php?route=/sql&pos=0&db=dbchatex&table=users" "Mozilla/5.0 (Windows NT 10.0; Win64; x64) AppleWebKit/537.36 (KHTML, like Gecko) Chrome/133.0.0.0 Safari/537.36"
::1 - - [11/Feb/2025:21:19:27 +0100] "POST /phpmyadmin/index.php?route=/ HTTP/1.1" 200 1584 "http://localhost/phpmyadmin/index.php?route=/sql&pos=0&db=dbchatex&table=users" "Mozilla/5.0 (Windows NT 10.0; Win64; x64) AppleWebKit/537.36 (KHTML, like Gecko) Chrome/133.0.0.0 Safari/537.36"
::1 - - [11/Feb/2025:21:41:23 +0100] "POST /phpmyadmin/index.php?route=/ HTTP/1.1" 200 1584 "http://localhost/phpmyadmin/index.php?route=/sql&pos=0&db=dbchatex&table=users" "Mozilla/5.0 (Windows NT 10.0; Win64; x64) AppleWebKit/537.36 (KHTML, like Gecko) Chrome/133.0.0.0 Safari/537.36"
127.0.0.1 - - [11/Feb/2025:21:46:04 +0100] "POST /ChatexProject/chatex_phps/register.php HTTP/1.1" 200 43 "-" "Dart/3.6 (dart:io)"
::1 - - [11/Feb/2025:21:46:10 +0100] "GET /phpmyadmin/index.php?route=/sql&pos=0&db=dbchatex&table=users HTTP/1.1" 200 17735 "http://localhost/phpmyadmin/index.php?route=/sql&pos=0&db=dbchatex&table=users" "Mozilla/5.0 (Windows NT 10.0; Win64; x64) AppleWebKit/537.36 (KHTML, like Gecko) Chrome/133.0.0.0 Safari/537.36"
::1 - - [11/Feb/2025:21:46:10 +0100] "GET /phpmyadmin/js/messages.php?l=hu&v=5.2.2 HTTP/1.1" 200 9894 "http://localhost/phpmyadmin/index.php?route=/sql&pos=0&db=dbchatex&table=users" "Mozilla/5.0 (Windows NT 10.0; Win64; x64) AppleWebKit/537.36 (KHTML, like Gecko) Chrome/133.0.0.0 Safari/537.36"
::1 - - [11/Feb/2025:21:46:11 +0100] "POST /phpmyadmin/index.php?route=/config/get HTTP/1.1" 200 1453 "http://localhost/phpmyadmin/index.php?route=/sql&pos=0&db=dbchatex&table=users" "Mozilla/5.0 (Windows NT 10.0; Win64; x64) AppleWebKit/537.36 (KHTML, like Gecko) Chrome/133.0.0.0 Safari/537.36"
::1 - - [11/Feb/2025:21:46:11 +0100] "POST /phpmyadmin/index.php?route=/navigation&ajax_request=1 HTTP/1.1" 200 2714 "http://localhost/phpmyadmin/index.php?route=/sql&pos=0&db=dbchatex&table=users" "Mozilla/5.0 (Windows NT 10.0; Win64; x64) AppleWebKit/537.36 (KHTML, like Gecko) Chrome/133.0.0.0 Safari/537.36"
::1 - - [11/Feb/2025:21:46:11 +0100] "GET /phpmyadmin/index.php?route=/recent-table&ajax_request=1&recent_table=1&no_debug=true&_nocache=1739306771117881467&token=403d517363633d314e365b5678774060 HTTP/1.1" 200 1520 "http://localhost/phpmyadmin/index.php?route=/sql&pos=0&db=dbchatex&table=users" "Mozilla/5.0 (Windows NT 10.0; Win64; x64) AppleWebKit/537.36 (KHTML, like Gecko) Chrome/133.0.0.0 Safari/537.36"
::1 - - [11/Feb/2025:21:46:11 +0100] "POST /phpmyadmin/index.php?route=/config/get HTTP/1.1" 200 1545 "http://localhost/phpmyadmin/index.php?route=/sql&pos=0&db=dbchatex&table=users" "Mozilla/5.0 (Windows NT 10.0; Win64; x64) AppleWebKit/537.36 (KHTML, like Gecko) Chrome/133.0.0.0 Safari/537.36"
::1 - - [11/Feb/2025:21:46:11 +0100] "POST /phpmyadmin/index.php?route=/config/set HTTP/1.1" 200 1446 "http://localhost/phpmyadmin/index.php?route=/sql&pos=0&db=dbchatex&table=users" "Mozilla/5.0 (Windows NT 10.0; Win64; x64) AppleWebKit/537.36 (KHTML, like Gecko) Chrome/133.0.0.0 Safari/537.36"
127.0.0.1 - - [11/Feb/2025:21:48:30 +0100] "POST /ChatexProject/chatex_phps/register.php HTTP/1.1" 200 1314 "-" "Dart/3.6 (dart:io)"
::1 - - [11/Feb/2025:21:49:00 +0100] "GET /phpmyadmin/index.php?route=/sql&pos=0&db=dbchatex&table=users HTTP/1.1" 200 17904 "http://localhost/phpmyadmin/index.php?route=/sql&pos=0&db=dbchatex&table=users" "Mozilla/5.0 (Windows NT 10.0; Win64; x64) AppleWebKit/537.36 (KHTML, like Gecko) Chrome/133.0.0.0 Safari/537.36"
::1 - - [11/Feb/2025:21:49:01 +0100] "POST /phpmyadmin/index.php?route=/config/get HTTP/1.1" 200 1453 "http://localhost/phpmyadmin/index.php?route=/sql&pos=0&db=dbchatex&table=users" "Mozilla/5.0 (Windows NT 10.0; Win64; x64) AppleWebKit/537.36 (KHTML, like Gecko) Chrome/133.0.0.0 Safari/537.36"
::1 - - [11/Feb/2025:21:49:01 +0100] "POST /phpmyadmin/index.php?route=/navigation&ajax_request=1 HTTP/1.1" 200 2714 "http://localhost/phpmyadmin/index.php?route=/sql&pos=0&db=dbchatex&table=users" "Mozilla/5.0 (Windows NT 10.0; Win64; x64) AppleWebKit/537.36 (KHTML, like Gecko) Chrome/133.0.0.0 Safari/537.36"
::1 - - [11/Feb/2025:21:49:01 +0100] "POST /phpmyadmin/index.php?route=/config/get HTTP/1.1" 200 1545 "http://localhost/phpmyadmin/index.php?route=/sql&pos=0&db=dbchatex&table=users" "Mozilla/5.0 (Windows NT 10.0; Win64; x64) AppleWebKit/537.36 (KHTML, like Gecko) Chrome/133.0.0.0 Safari/537.36"
::1 - - [11/Feb/2025:21:49:01 +0100] "GET /phpmyadmin/index.php?route=/recent-table&ajax_request=1&recent_table=1&no_debug=true&_nocache=1739306941418793700&token=403d517363633d314e365b5678774060 HTTP/1.1" 200 1520 "http://localhost/phpmyadmin/index.php?route=/sql&pos=0&db=dbchatex&table=users" "Mozilla/5.0 (Windows NT 10.0; Win64; x64) AppleWebKit/537.36 (KHTML, like Gecko) Chrome/133.0.0.0 Safari/537.36"
::1 - - [11/Feb/2025:21:49:01 +0100] "POST /phpmyadmin/index.php?route=/config/set HTTP/1.1" 200 1446 "http://localhost/phpmyadmin/index.php?route=/sql&pos=0&db=dbchatex&table=users" "Mozilla/5.0 (Windows NT 10.0; Win64; x64) AppleWebKit/537.36 (KHTML, like Gecko) Chrome/133.0.0.0 Safari/537.36"
::1 - - [11/Feb/2025:21:49:04 +0100] "GET /phpmyadmin/index.php?route=/sql&pos=0&db=dbchatex&table=users&ajax_request=true&ajax_page_request=true&_nocache=1739306944949443797&token=403d517363633d314e365b5678774060 HTTP/1.1" 200 8699 "http://localhost/phpmyadmin/index.php?route=/sql&pos=0&db=dbchatex&table=users" "Mozilla/5.0 (Windows NT 10.0; Win64; x64) AppleWebKit/537.36 (KHTML, like Gecko) Chrome/133.0.0.0 Safari/537.36"
::1 - - [11/Feb/2025:21:49:05 +0100] "GET /phpmyadmin/index.php?route=/recent-table&ajax_request=1&recent_table=1&no_debug=true&_nocache=1739306945205321971&token=403d517363633d314e365b5678774060 HTTP/1.1" 200 1520 "http://localhost/phpmyadmin/index.php?route=/sql&pos=0&db=dbchatex&table=users" "Mozilla/5.0 (Windows NT 10.0; Win64; x64) AppleWebKit/537.36 (KHTML, like Gecko) Chrome/133.0.0.0 Safari/537.36"
::1 - - [11/Feb/2025:21:49:05 +0100] "GET /phpmyadmin/index.php?route=/sql&pos=0&db=dbchatex&table=users&ajax_request=true&ajax_page_request=true&_nocache=173930694566082486&token=403d517363633d314e365b5678774060 HTTP/1.1" 200 8698 "http://localhost/phpmyadmin/index.php?route=/sql&pos=0&db=dbchatex&table=users" "Mozilla/5.0 (Windows NT 10.0; Win64; x64) AppleWebKit/537.36 (KHTML, like Gecko) Chrome/133.0.0.0 Safari/537.36"
::1 - - [11/Feb/2025:21:49:05 +0100] "GET /phpmyadmin/index.php?route=/recent-table&ajax_request=1&recent_table=1&no_debug=true&_nocache=1739306945894670397&token=403d517363633d314e365b5678774060 HTTP/1.1" 200 1520 "http://localhost/phpmyadmin/index.php?route=/sql&pos=0&db=dbchatex&table=users" "Mozilla/5.0 (Windows NT 10.0; Win64; x64) AppleWebKit/537.36 (KHTML, like Gecko) Chrome/133.0.0.0 Safari/537.36"
::1 - - [11/Feb/2025:21:49:06 +0100] "GET /phpmyadmin/index.php?route=/sql&pos=0&db=dbchatex&table=users&ajax_request=true&ajax_page_request=true&_nocache=1739306946268538513&token=403d517363633d314e365b5678774060 HTTP/1.1" 200 8698 "http://localhost/phpmyadmin/index.php?route=/sql&pos=0&db=dbchatex&table=users" "Mozilla/5.0 (Windows NT 10.0; Win64; x64) AppleWebKit/537.36 (KHTML, like Gecko) Chrome/133.0.0.0 Safari/537.36"
::1 - - [11/Feb/2025:21:49:06 +0100] "GET /phpmyadmin/index.php?route=/recent-table&ajax_request=1&recent_table=1&no_debug=true&_nocache=1739306946487392892&token=403d517363633d314e365b5678774060 HTTP/1.1" 200 1520 "http://localhost/phpmyadmin/index.php?route=/sql&pos=0&db=dbchatex&table=users" "Mozilla/5.0 (Windows NT 10.0; Win64; x64) AppleWebKit/537.36 (KHTML, like Gecko) Chrome/133.0.0.0 Safari/537.36"
::1 - - [11/Feb/2025:21:49:06 +0100] "GET /phpmyadmin/index.php?route=/sql&pos=0&db=dbchatex&table=users&ajax_request=true&ajax_page_request=true&_nocache=1739306946883907795&token=403d517363633d314e365b5678774060 HTTP/1.1" 200 8698 "http://localhost/phpmyadmin/index.php?route=/sql&pos=0&db=dbchatex&table=users" "Mozilla/5.0 (Windows NT 10.0; Win64; x64) AppleWebKit/537.36 (KHTML, like Gecko) Chrome/133.0.0.0 Safari/537.36"
::1 - - [11/Feb/2025:21:49:07 +0100] "GET /phpmyadmin/index.php?route=/recent-table&ajax_request=1&recent_table=1&no_debug=true&_nocache=1739306947104567542&token=403d517363633d314e365b5678774060 HTTP/1.1" 200 1520 "http://localhost/phpmyadmin/index.php?route=/sql&pos=0&db=dbchatex&table=users" "Mozilla/5.0 (Windows NT 10.0; Win64; x64) AppleWebKit/537.36 (KHTML, like Gecko) Chrome/133.0.0.0 Safari/537.36"
::1 - - [11/Feb/2025:21:49:07 +0100] "GET /phpmyadmin/index.php?route=/sql&pos=0&db=dbchatex&table=users&ajax_request=true&ajax_page_request=true&_nocache=1739306947444863652&token=403d517363633d314e365b5678774060 HTTP/1.1" 200 8696 "http://localhost/phpmyadmin/index.php?route=/sql&pos=0&db=dbchatex&table=users" "Mozilla/5.0 (Windows NT 10.0; Win64; x64) AppleWebKit/537.36 (KHTML, like Gecko) Chrome/133.0.0.0 Safari/537.36"
::1 - - [11/Feb/2025:21:49:07 +0100] "GET /phpmyadmin/index.php?route=/recent-table&ajax_request=1&recent_table=1&no_debug=true&_nocache=1739306947677688984&token=403d517363633d314e365b5678774060 HTTP/1.1" 200 1520 "http://localhost/phpmyadmin/index.php?route=/sql&pos=0&db=dbchatex&table=users" "Mozilla/5.0 (Windows NT 10.0; Win64; x64) AppleWebKit/537.36 (KHTML, like Gecko) Chrome/133.0.0.0 Safari/537.36"
127.0.0.1 - - [11/Feb/2025:21:49:41 +0100] "POST /ChatexProject/chatex_phps/register.php HTTP/1.1" 200 1314 "-" "Dart/3.6 (dart:io)"
::1 - - [11/Feb/2025:21:49:45 +0100] "GET /phpmyadmin/index.php?route=/sql&pos=0&db=dbchatex&table=users HTTP/1.1" 200 18324 "http://localhost/phpmyadmin/index.php?route=/sql&pos=0&db=dbchatex&table=users" "Mozilla/5.0 (Windows NT 10.0; Win64; x64) AppleWebKit/537.36 (KHTML, like Gecko) Chrome/133.0.0.0 Safari/537.36"
::1 - - [11/Feb/2025:21:49:45 +0100] "POST /phpmyadmin/index.php?route=/config/get HTTP/1.1" 200 1453 "http://localhost/phpmyadmin/index.php?route=/sql&pos=0&db=dbchatex&table=users" "Mozilla/5.0 (Windows NT 10.0; Win64; x64) AppleWebKit/537.36 (KHTML, like Gecko) Chrome/133.0.0.0 Safari/537.36"
::1 - - [11/Feb/2025:21:49:45 +0100] "GET /phpmyadmin/index.php?route=/recent-table&ajax_request=1&recent_table=1&no_debug=true&_nocache=1739306985705351684&token=403d517363633d314e365b5678774060 HTTP/1.1" 200 1520 "http://localhost/phpmyadmin/index.php?route=/sql&pos=0&db=dbchatex&table=users" "Mozilla/5.0 (Windows NT 10.0; Win64; x64) AppleWebKit/537.36 (KHTML, like Gecko) Chrome/133.0.0.0 Safari/537.36"
::1 - - [11/Feb/2025:21:49:45 +0100] "POST /phpmyadmin/index.php?route=/navigation&ajax_request=1 HTTP/1.1" 200 2714 "http://localhost/phpmyadmin/index.php?route=/sql&pos=0&db=dbchatex&table=users" "Mozilla/5.0 (Windows NT 10.0; Win64; x64) AppleWebKit/537.36 (KHTML, like Gecko) Chrome/133.0.0.0 Safari/537.36"
::1 - - [11/Feb/2025:21:49:45 +0100] "POST /phpmyadmin/index.php?route=/config/get HTTP/1.1" 200 1545 "http://localhost/phpmyadmin/index.php?route=/sql&pos=0&db=dbchatex&table=users" "Mozilla/5.0 (Windows NT 10.0; Win64; x64) AppleWebKit/537.36 (KHTML, like Gecko) Chrome/133.0.0.0 Safari/537.36"
::1 - - [11/Feb/2025:21:49:46 +0100] "POST /phpmyadmin/index.php?route=/config/set HTTP/1.1" 200 1446 "http://localhost/phpmyadmin/index.php?route=/sql&pos=0&db=dbchatex&table=users" "Mozilla/5.0 (Windows NT 10.0; Win64; x64) AppleWebKit/537.36 (KHTML, like Gecko) Chrome/133.0.0.0 Safari/537.36"
::1 - - [11/Feb/2025:21:49:48 +0100] "GET /phpmyadmin/index.php?route=/sql&pos=0&db=dbchatex&table=users&ajax_request=true&ajax_page_request=true&_nocache=1739306988901335347&token=403d517363633d314e365b5678774060 HTTP/1.1" 200 8697 "http://localhost/phpmyadmin/index.php?route=/sql&pos=0&db=dbchatex&table=users" "Mozilla/5.0 (Windows NT 10.0; Win64; x64) AppleWebKit/537.36 (KHTML, like Gecko) Chrome/133.0.0.0 Safari/537.36"
::1 - - [11/Feb/2025:21:49:49 +0100] "GET /phpmyadmin/index.php?route=/recent-table&ajax_request=1&recent_table=1&no_debug=true&_nocache=1739306989192192847&token=403d517363633d314e365b5678774060 HTTP/1.1" 200 1520 "http://localhost/phpmyadmin/index.php?route=/sql&pos=0&db=dbchatex&table=users" "Mozilla/5.0 (Windows NT 10.0; Win64; x64) AppleWebKit/537.36 (KHTML, like Gecko) Chrome/133.0.0.0 Safari/537.36"
::1 - - [11/Feb/2025:21:49:49 +0100] "GET /phpmyadmin/index.php?route=/sql&pos=0&db=dbchatex&table=users&ajax_request=true&ajax_page_request=true&_nocache=1739306989580989273&token=403d517363633d314e365b5678774060 HTTP/1.1" 200 8697 "http://localhost/phpmyadmin/index.php?route=/sql&pos=0&db=dbchatex&table=users" "Mozilla/5.0 (Windows NT 10.0; Win64; x64) AppleWebKit/537.36 (KHTML, like Gecko) Chrome/133.0.0.0 Safari/537.36"
::1 - - [11/Feb/2025:21:49:49 +0100] "GET /phpmyadmin/index.php?route=/recent-table&ajax_request=1&recent_table=1&no_debug=true&_nocache=1739306989800576206&token=403d517363633d314e365b5678774060 HTTP/1.1" 200 1520 "http://localhost/phpmyadmin/index.php?route=/sql&pos=0&db=dbchatex&table=users" "Mozilla/5.0 (Windows NT 10.0; Win64; x64) AppleWebKit/537.36 (KHTML, like Gecko) Chrome/133.0.0.0 Safari/537.36"
::1 - - [11/Feb/2025:21:49:50 +0100] "GET /phpmyadmin/index.php?route=/sql&pos=0&db=dbchatex&table=users&ajax_request=true&ajax_page_request=true&_nocache=1739306990188659795&token=403d517363633d314e365b5678774060 HTTP/1.1" 200 8699 "http://localhost/phpmyadmin/index.php?route=/sql&pos=0&db=dbchatex&table=users" "Mozilla/5.0 (Windows NT 10.0; Win64; x64) AppleWebKit/537.36 (KHTML, like Gecko) Chrome/133.0.0.0 Safari/537.36"
::1 - - [11/Feb/2025:21:49:50 +0100] "GET /phpmyadmin/index.php?route=/recent-table&ajax_request=1&recent_table=1&no_debug=true&_nocache=1739306990454268792&token=403d517363633d314e365b5678774060 HTTP/1.1" 200 1520 "http://localhost/phpmyadmin/index.php?route=/sql&pos=0&db=dbchatex&table=users" "Mozilla/5.0 (Windows NT 10.0; Win64; x64) AppleWebKit/537.36 (KHTML, like Gecko) Chrome/133.0.0.0 Safari/537.36"
::1 - - [11/Feb/2025:21:49:56 +0100] "GET /ChatexProject/chatex_phps/register.php HTTP/1.1" 405 72 "-" "Mozilla/5.0 (Windows NT 10.0; Win64; x64) AppleWebKit/537.36 (KHTML, like Gecko) Chrome/133.0.0.0 Safari/537.36"
::1 - - [11/Feb/2025:21:49:56 +0100] "GET /ChatexProject/chatex_phps/register.php HTTP/1.1" 405 72 "-" "Mozilla/5.0 (Windows NT 10.0; Win64; x64) AppleWebKit/537.36 (KHTML, like Gecko) Chrome/133.0.0.0 Safari/537.36"
::1 - - [11/Feb/2025:21:50:27 +0100] "GET /ChatexProject/chatex_phps/register.php HTTP/1.1" 405 72 "-" "Mozilla/5.0 (Windows NT 10.0; Win64; x64) AppleWebKit/537.36 (KHTML, like Gecko) Chrome/133.0.0.0 Safari/537.36"
::1 - - [11/Feb/2025:21:50:28 +0100] "GET /ChatexProject/chatex_phps/register.php HTTP/1.1" 405 72 "-" "Mozilla/5.0 (Windows NT 10.0; Win64; x64) AppleWebKit/537.36 (KHTML, like Gecko) Chrome/133.0.0.0 Safari/537.36"
::1 - - [11/Feb/2025:21:50:28 +0100] "GET /ChatexProject/chatex_phps/register.php HTTP/1.1" 405 72 "-" "Mozilla/5.0 (Windows NT 10.0; Win64; x64) AppleWebKit/537.36 (KHTML, like Gecko) Chrome/133.0.0.0 Safari/537.36"
127.0.0.1 - - [11/Feb/2025:21:54:37 +0100] "POST /ChatexProject/chatex_phps/register.php HTTP/1.1" 200 43 "-" "Dart/3.6 (dart:io)"
::1 - - [11/Feb/2025:21:54:45 +0100] "GET /phpmyadmin/index.php?route=/sql&pos=0&db=dbchatex&table=users HTTP/1.1" 200 19425 "http://localhost/phpmyadmin/index.php?route=/sql&pos=0&db=dbchatex&table=users" "Mozilla/5.0 (Windows NT 10.0; Win64; x64) AppleWebKit/537.36 (KHTML, like Gecko) Chrome/133.0.0.0 Safari/537.36"
::1 - - [11/Feb/2025:21:54:46 +0100] "POST /phpmyadmin/index.php?route=/config/get HTTP/1.1" 200 1453 "http://localhost/phpmyadmin/index.php?route=/sql&pos=0&db=dbchatex&table=users" "Mozilla/5.0 (Windows NT 10.0; Win64; x64) AppleWebKit/537.36 (KHTML, like Gecko) Chrome/133.0.0.0 Safari/537.36"
::1 - - [11/Feb/2025:21:54:46 +0100] "POST /phpmyadmin/index.php?route=/navigation&ajax_request=1 HTTP/1.1" 200 2714 "http://localhost/phpmyadmin/index.php?route=/sql&pos=0&db=dbchatex&table=users" "Mozilla/5.0 (Windows NT 10.0; Win64; x64) AppleWebKit/537.36 (KHTML, like Gecko) Chrome/133.0.0.0 Safari/537.36"
::1 - - [11/Feb/2025:21:54:46 +0100] "GET /phpmyadmin/index.php?route=/recent-table&ajax_request=1&recent_table=1&no_debug=true&_nocache=1739307286135289756&token=403d517363633d314e365b5678774060 HTTP/1.1" 200 1520 "http://localhost/phpmyadmin/index.php?route=/sql&pos=0&db=dbchatex&table=users" "Mozilla/5.0 (Windows NT 10.0; Win64; x64) AppleWebKit/537.36 (KHTML, like Gecko) Chrome/133.0.0.0 Safari/537.36"
::1 - - [11/Feb/2025:21:54:46 +0100] "POST /phpmyadmin/index.php?route=/config/get HTTP/1.1" 200 1545 "http://localhost/phpmyadmin/index.php?route=/sql&pos=0&db=dbchatex&table=users" "Mozilla/5.0 (Windows NT 10.0; Win64; x64) AppleWebKit/537.36 (KHTML, like Gecko) Chrome/133.0.0.0 Safari/537.36"
::1 - - [11/Feb/2025:21:54:46 +0100] "POST /phpmyadmin/index.php?route=/config/set HTTP/1.1" 200 1446 "http://localhost/phpmyadmin/index.php?route=/sql&pos=0&db=dbchatex&table=users" "Mozilla/5.0 (Windows NT 10.0; Win64; x64) AppleWebKit/537.36 (KHTML, like Gecko) Chrome/133.0.0.0 Safari/537.36"
127.0.0.1 - - [11/Feb/2025:21:55:40 +0100] "POST /ChatexProject/chatex_phps/register.php HTTP/1.1" 200 1314 "-" "Dart/3.6 (dart:io)"
::1 - - [11/Feb/2025:21:55:44 +0100] "GET /phpmyadmin/index.php?route=/sql&pos=0&db=dbchatex&table=users HTTP/1.1" 200 19470 "http://localhost/phpmyadmin/index.php?route=/sql&pos=0&db=dbchatex&table=users" "Mozilla/5.0 (Windows NT 10.0; Win64; x64) AppleWebKit/537.36 (KHTML, like Gecko) Chrome/133.0.0.0 Safari/537.36"
::1 - - [11/Feb/2025:21:55:44 +0100] "POST /phpmyadmin/index.php?route=/navigation&ajax_request=1 HTTP/1.1" 200 2714 "http://localhost/phpmyadmin/index.php?route=/sql&pos=0&db=dbchatex&table=users" "Mozilla/5.0 (Windows NT 10.0; Win64; x64) AppleWebKit/537.36 (KHTML, like Gecko) Chrome/133.0.0.0 Safari/537.36"
::1 - - [11/Feb/2025:21:55:44 +0100] "POST /phpmyadmin/index.php?route=/config/get HTTP/1.1" 200 1545 "http://localhost/phpmyadmin/index.php?route=/sql&pos=0&db=dbchatex&table=users" "Mozilla/5.0 (Windows NT 10.0; Win64; x64) AppleWebKit/537.36 (KHTML, like Gecko) Chrome/133.0.0.0 Safari/537.36"
::1 - - [11/Feb/2025:21:55:44 +0100] "POST /phpmyadmin/index.php?route=/config/get HTTP/1.1" 200 1453 "http://localhost/phpmyadmin/index.php?route=/sql&pos=0&db=dbchatex&table=users" "Mozilla/5.0 (Windows NT 10.0; Win64; x64) AppleWebKit/537.36 (KHTML, like Gecko) Chrome/133.0.0.0 Safari/537.36"
::1 - - [11/Feb/2025:21:55:44 +0100] "GET /phpmyadmin/index.php?route=/recent-table&ajax_request=1&recent_table=1&no_debug=true&_nocache=1739307344820718181&token=403d517363633d314e365b5678774060 HTTP/1.1" 200 1520 "http://localhost/phpmyadmin/index.php?route=/sql&pos=0&db=dbchatex&table=users" "Mozilla/5.0 (Windows NT 10.0; Win64; x64) AppleWebKit/537.36 (KHTML, like Gecko) Chrome/133.0.0.0 Safari/537.36"
::1 - - [11/Feb/2025:21:55:45 +0100] "POST /phpmyadmin/index.php?route=/config/set HTTP/1.1" 200 1446 "http://localhost/phpmyadmin/index.php?route=/sql&pos=0&db=dbchatex&table=users" "Mozilla/5.0 (Windows NT 10.0; Win64; x64) AppleWebKit/537.36 (KHTML, like Gecko) Chrome/133.0.0.0 Safari/537.36"
::1 - - [11/Feb/2025:22:07:27 +0100] "POST /ChatexProject/api/register.php HTTP/1.1" 404 295 "-" "PostmanRuntime/7.43.0"
::1 - - [11/Feb/2025:22:07:59 +0100] "POST /ChatexProject/chatex_phps/register.php HTTP/1.1" 400 102 "-" "PostmanRuntime/7.43.0"
::1 - - [11/Feb/2025:22:08:47 +0100] "GET /ChatexProject/chatex_phps/register.php HTTP/1.1" 405 72 "-" "PostmanRuntime/7.43.0"
::1 - - [11/Feb/2025:22:09:17 +0100] "POST /phpmyadmin/index.php?route=/table/delete/confirm HTTP/1.1" 200 2101 "http://localhost/phpmyadmin/index.php?route=/sql&pos=0&db=dbchatex&table=users" "Mozilla/5.0 (Windows NT 10.0; Win64; x64) AppleWebKit/537.36 (KHTML, like Gecko) Chrome/133.0.0.0 Safari/537.36"
::1 - - [11/Feb/2025:22:09:17 +0100] "GET /phpmyadmin/index.php?route=/recent-table&ajax_request=1&recent_table=1&no_debug=true&_nocache=1739308157859854900&token=403d517363633d314e365b5678774060 HTTP/1.1" 200 1520 "http://localhost/phpmyadmin/index.php?route=/sql&pos=0&db=dbchatex&table=users" "Mozilla/5.0 (Windows NT 10.0; Win64; x64) AppleWebKit/537.36 (KHTML, like Gecko) Chrome/133.0.0.0 Safari/537.36"
::1 - - [11/Feb/2025:22:09:19 +0100] "POST /phpmyadmin/index.php?route=/table/delete/rows HTTP/1.1" 200 3268 "http://localhost/phpmyadmin/index.php?route=/sql&pos=0&db=dbchatex&table=users" "Mozilla/5.0 (Windows NT 10.0; Win64; x64) AppleWebKit/537.36 (KHTML, like Gecko) Chrome/133.0.0.0 Safari/537.36"
::1 - - [11/Feb/2025:22:09:19 +0100] "GET /phpmyadmin/index.php?route=/recent-table&ajax_request=1&recent_table=1&no_debug=true&_nocache=1739308159418892430&token=403d517363633d314e365b5678774060 HTTP/1.1" 200 1520 "http://localhost/phpmyadmin/index.php?route=/sql&pos=0&db=dbchatex&table=users" "Mozilla/5.0 (Windows NT 10.0; Win64; x64) AppleWebKit/537.36 (KHTML, like Gecko) Chrome/133.0.0.0 Safari/537.36"
127.0.0.1 - - [11/Feb/2025:22:09:49 +0100] "POST /ChatexProject/chatex_phps/register.php HTTP/1.1" 201 43 "-" "Dart/3.6 (dart:io)"
::1 - - [11/Feb/2025:22:10:27 +0100] "GET /phpmyadmin/index.php?route=/sql&pos=0&db=dbchatex&table=users HTTP/1.1" 200 18654 "http://localhost/phpmyadmin/index.php?route=/sql&pos=0&db=dbchatex&table=users" "Mozilla/5.0 (Windows NT 10.0; Win64; x64) AppleWebKit/537.36 (KHTML, like Gecko) Chrome/133.0.0.0 Safari/537.36"
::1 - - [11/Feb/2025:22:10:28 +0100] "POST /phpmyadmin/index.php?route=/config/get HTTP/1.1" 200 1453 "http://localhost/phpmyadmin/index.php?route=/sql&pos=0&db=dbchatex&table=users" "Mozilla/5.0 (Windows NT 10.0; Win64; x64) AppleWebKit/537.36 (KHTML, like Gecko) Chrome/133.0.0.0 Safari/537.36"
::1 - - [11/Feb/2025:22:10:28 +0100] "POST /phpmyadmin/index.php?route=/navigation&ajax_request=1 HTTP/1.1" 200 2714 "http://localhost/phpmyadmin/index.php?route=/sql&pos=0&db=dbchatex&table=users" "Mozilla/5.0 (Windows NT 10.0; Win64; x64) AppleWebKit/537.36 (KHTML, like Gecko) Chrome/133.0.0.0 Safari/537.36"
::1 - - [11/Feb/2025:22:10:28 +0100] "POST /phpmyadmin/index.php?route=/config/get HTTP/1.1" 200 1545 "http://localhost/phpmyadmin/index.php?route=/sql&pos=0&db=dbchatex&table=users" "Mozilla/5.0 (Windows NT 10.0; Win64; x64) AppleWebKit/537.36 (KHTML, like Gecko) Chrome/133.0.0.0 Safari/537.36"
::1 - - [11/Feb/2025:22:10:28 +0100] "GET /phpmyadmin/index.php?route=/recent-table&ajax_request=1&recent_table=1&no_debug=true&_nocache=1739308228375207569&token=403d517363633d314e365b5678774060 HTTP/1.1" 200 1520 "http://localhost/phpmyadmin/index.php?route=/sql&pos=0&db=dbchatex&table=users" "Mozilla/5.0 (Windows NT 10.0; Win64; x64) AppleWebKit/537.36 (KHTML, like Gecko) Chrome/133.0.0.0 Safari/537.36"
::1 - - [11/Feb/2025:22:10:28 +0100] "POST /phpmyadmin/index.php?route=/config/set HTTP/1.1" 200 1446 "http://localhost/phpmyadmin/index.php?route=/sql&pos=0&db=dbchatex&table=users" "Mozilla/5.0 (Windows NT 10.0; Win64; x64) AppleWebKit/537.36 (KHTML, like Gecko) Chrome/133.0.0.0 Safari/537.36"
::1 - - [11/Feb/2025:22:11:15 +0100] "POST /phpmyadmin/index.php HTTP/1.1" 200 8745 "http://localhost/phpmyadmin/index.php?route=/sql&pos=0&db=dbchatex&table=users" "Mozilla/5.0 (Windows NT 10.0; Win64; x64) AppleWebKit/537.36 (KHTML, like Gecko) Chrome/133.0.0.0 Safari/537.36"
::1 - - [11/Feb/2025:22:11:16 +0100] "GET /phpmyadmin/index.php?route=/recent-table&ajax_request=1&recent_table=1&no_debug=true&_nocache=1739308276272532565&token=403d517363633d314e365b5678774060 HTTP/1.1" 200 1521 "http://localhost/phpmyadmin/index.php?route=/sql&pos=0&db=dbchatex&table=users" "Mozilla/5.0 (Windows NT 10.0; Win64; x64) AppleWebKit/537.36 (KHTML, like Gecko) Chrome/133.0.0.0 Safari/537.36"
::1 - - [11/Feb/2025:22:11:16 +0100] "POST /phpmyadmin/index.php HTTP/1.1" 200 8744 "http://localhost/phpmyadmin/index.php?route=/sql&pos=0&db=dbchatex&table=users" "Mozilla/5.0 (Windows NT 10.0; Win64; x64) AppleWebKit/537.36 (KHTML, like Gecko) Chrome/133.0.0.0 Safari/537.36"
::1 - - [11/Feb/2025:22:11:16 +0100] "GET /phpmyadmin/index.php?route=/recent-table&ajax_request=1&recent_table=1&no_debug=true&_nocache=1739308276964322510&token=403d517363633d314e365b5678774060 HTTP/1.1" 200 1520 "http://localhost/phpmyadmin/index.php?route=/sql&pos=0&db=dbchatex&table=users" "Mozilla/5.0 (Windows NT 10.0; Win64; x64) AppleWebKit/537.36 (KHTML, like Gecko) Chrome/133.0.0.0 Safari/537.36"
127.0.0.1 - - [11/Feb/2025:22:15:34 +0100] "POST /ChatexProject/chatex_phps/register.php HTTP/1.1" 201 43 "-" "Dart/3.6 (dart:io)"
::1 - - [11/Feb/2025:22:15:38 +0100] "GET /phpmyadmin/index.php?route=/sql&pos=0&db=dbchatex&table=users HTTP/1.1" 200 19664 "http://localhost/phpmyadmin/index.php?route=/sql&pos=0&db=dbchatex&table=users" "Mozilla/5.0 (Windows NT 10.0; Win64; x64) AppleWebKit/537.36 (KHTML, like Gecko) Chrome/133.0.0.0 Safari/537.36"
::1 - - [11/Feb/2025:22:15:38 +0100] "POST /phpmyadmin/index.php?route=/config/get HTTP/1.1" 200 1453 "http://localhost/phpmyadmin/index.php?route=/sql&pos=0&db=dbchatex&table=users" "Mozilla/5.0 (Windows NT 10.0; Win64; x64) AppleWebKit/537.36 (KHTML, like Gecko) Chrome/133.0.0.0 Safari/537.36"
::1 - - [11/Feb/2025:22:15:38 +0100] "GET /phpmyadmin/index.php?route=/recent-table&ajax_request=1&recent_table=1&no_debug=true&_nocache=1739308538793614077&token=403d517363633d314e365b5678774060 HTTP/1.1" 200 1520 "http://localhost/phpmyadmin/index.php?route=/sql&pos=0&db=dbchatex&table=users" "Mozilla/5.0 (Windows NT 10.0; Win64; x64) AppleWebKit/537.36 (KHTML, like Gecko) Chrome/133.0.0.0 Safari/537.36"
::1 - - [11/Feb/2025:22:15:38 +0100] "POST /phpmyadmin/index.php?route=/config/get HTTP/1.1" 200 1545 "http://localhost/phpmyadmin/index.php?route=/sql&pos=0&db=dbchatex&table=users" "Mozilla/5.0 (Windows NT 10.0; Win64; x64) AppleWebKit/537.36 (KHTML, like Gecko) Chrome/133.0.0.0 Safari/537.36"
::1 - - [11/Feb/2025:22:15:38 +0100] "POST /phpmyadmin/index.php?route=/navigation&ajax_request=1 HTTP/1.1" 200 2714 "http://localhost/phpmyadmin/index.php?route=/sql&pos=0&db=dbchatex&table=users" "Mozilla/5.0 (Windows NT 10.0; Win64; x64) AppleWebKit/537.36 (KHTML, like Gecko) Chrome/133.0.0.0 Safari/537.36"
::1 - - [11/Feb/2025:22:15:39 +0100] "POST /phpmyadmin/index.php?route=/config/set HTTP/1.1" 200 1446 "http://localhost/phpmyadmin/index.php?route=/sql&pos=0&db=dbchatex&table=users" "Mozilla/5.0 (Windows NT 10.0; Win64; x64) AppleWebKit/537.36 (KHTML, like Gecko) Chrome/133.0.0.0 Safari/537.36"
127.0.0.1 - - [11/Feb/2025:22:30:20 +0100] "POST /ChatexProject/chatex_phps/register.php HTTP/1.1" 201 43 "-" "Dart/3.6 (dart:io)"
::1 - - [11/Feb/2025:22:30:27 +0100] "GET /phpmyadmin/index.php?route=/sql&pos=0&db=dbchatex&table=users HTTP/1.1" 200 19910 "http://localhost/phpmyadmin/index.php?route=/sql&pos=0&db=dbchatex&table=users" "Mozilla/5.0 (Windows NT 10.0; Win64; x64) AppleWebKit/537.36 (KHTML, like Gecko) Chrome/133.0.0.0 Safari/537.36"
::1 - - [11/Feb/2025:22:30:30 +0100] "POST /phpmyadmin/index.php?route=/config/get HTTP/1.1" 200 1453 "http://localhost/phpmyadmin/index.php?route=/sql&pos=0&db=dbchatex&table=users" "Mozilla/5.0 (Windows NT 10.0; Win64; x64) AppleWebKit/537.36 (KHTML, like Gecko) Chrome/133.0.0.0 Safari/537.36"
::1 - - [11/Feb/2025:22:30:30 +0100] "POST /phpmyadmin/index.php?route=/navigation&ajax_request=1 HTTP/1.1" 200 2714 "http://localhost/phpmyadmin/index.php?route=/sql&pos=0&db=dbchatex&table=users" "Mozilla/5.0 (Windows NT 10.0; Win64; x64) AppleWebKit/537.36 (KHTML, like Gecko) Chrome/133.0.0.0 Safari/537.36"
::1 - - [11/Feb/2025:22:30:30 +0100] "GET /phpmyadmin/index.php?route=/recent-table&ajax_request=1&recent_table=1&no_debug=true&_nocache=173930943079648343&token=403d517363633d314e365b5678774060 HTTP/1.1" 200 1520 "http://localhost/phpmyadmin/index.php?route=/sql&pos=0&db=dbchatex&table=users" "Mozilla/5.0 (Windows NT 10.0; Win64; x64) AppleWebKit/537.36 (KHTML, like Gecko) Chrome/133.0.0.0 Safari/537.36"
::1 - - [11/Feb/2025:22:30:30 +0100] "POST /phpmyadmin/index.php?route=/config/get HTTP/1.1" 200 1545 "http://localhost/phpmyadmin/index.php?route=/sql&pos=0&db=dbchatex&table=users" "Mozilla/5.0 (Windows NT 10.0; Win64; x64) AppleWebKit/537.36 (KHTML, like Gecko) Chrome/133.0.0.0 Safari/537.36"
::1 - - [11/Feb/2025:22:30:34 +0100] "POST /phpmyadmin/index.php?route=/table/delete/confirm HTTP/1.1" 200 2115 "http://localhost/phpmyadmin/index.php?route=/sql&pos=0&db=dbchatex&table=users" "Mozilla/5.0 (Windows NT 10.0; Win64; x64) AppleWebKit/537.36 (KHTML, like Gecko) Chrome/133.0.0.0 Safari/537.36"
::1 - - [11/Feb/2025:22:30:35 +0100] "POST /phpmyadmin/index.php?route=/config/set HTTP/1.1" 200 1446 "http://localhost/phpmyadmin/index.php?route=/sql&pos=0&db=dbchatex&table=users" "Mozilla/5.0 (Windows NT 10.0; Win64; x64) AppleWebKit/537.36 (KHTML, like Gecko) Chrome/133.0.0.0 Safari/537.36"
::1 - - [11/Feb/2025:22:30:35 +0100] "GET /phpmyadmin/index.php?route=/recent-table&ajax_request=1&recent_table=1&no_debug=true&_nocache=1739309435604521451&token=403d517363633d314e365b5678774060 HTTP/1.1" 200 1520 "http://localhost/phpmyadmin/index.php?route=/sql&pos=0&db=dbchatex&table=users" "Mozilla/5.0 (Windows NT 10.0; Win64; x64) AppleWebKit/537.36 (KHTML, like Gecko) Chrome/133.0.0.0 Safari/537.36"
::1 - - [11/Feb/2025:22:30:36 +0100] "POST /phpmyadmin/index.php?route=/table/delete/rows HTTP/1.1" 200 3271 "http://localhost/phpmyadmin/index.php?route=/sql&pos=0&db=dbchatex&table=users" "Mozilla/5.0 (Windows NT 10.0; Win64; x64) AppleWebKit/537.36 (KHTML, like Gecko) Chrome/133.0.0.0 Safari/537.36"
::1 - - [11/Feb/2025:22:30:43 +0100] "GET /phpmyadmin/index.php?route=/recent-table&ajax_request=1&recent_table=1&no_debug=true&_nocache=1739309443126322559&token=403d517363633d314e365b5678774060 HTTP/1.1" 200 1520 "http://localhost/phpmyadmin/index.php?route=/sql&pos=0&db=dbchatex&table=users" "Mozilla/5.0 (Windows NT 10.0; Win64; x64) AppleWebKit/537.36 (KHTML, like Gecko) Chrome/133.0.0.0 Safari/537.36"
::1 - - [11/Feb/2025:22:54:38 +0100] "POST /phpmyadmin/index.php?route=/ HTTP/1.1" 200 1584 "http://localhost/phpmyadmin/index.php?route=/sql&pos=0&db=dbchatex&table=users" "Mozilla/5.0 (Windows NT 10.0; Win64; x64) AppleWebKit/537.36 (KHTML, like Gecko) Chrome/133.0.0.0 Safari/537.36"
